// Jest Snapshot v1, https://goo.gl/fbAQLP

exports[`Snapshot 1`] = `
{
  "Outputs": {
    "restapiEndpoint59F0B73F": {
      "Value": {
        "Fn::Join": [
          "",
          [
            "https://",
            {
              "Ref": "restapi955FE7EE",
            },
            ".execute-api.",
            {
              "Ref": "AWS::Region",
            },
            ".",
            {
              "Ref": "AWS::URLSuffix",
            },
            "/",
            {
              "Ref": "restapiDeploymentStageprodD0BC9A49",
            },
            "/",
          ],
        ],
      },
    },
  },
  "Parameters": {
    "BootstrapVersion": {
      "Default": "/cdk-bootstrap/hnb659fds/version",
      "Description": "Version of the CDK Bootstrap resources in this environment, automatically retrieved from SSM Parameter Store. [cdk:skip]",
      "Type": "AWS::SSM::Parameter::Value<String>",
    },
  },
  "Resources": {
    "restapi955FE7EE": {
      "Properties": {
        "Name": "api",
      },
      "Type": "AWS::ApiGateway::RestApi",
    },
    "restapiAccount60CB3373": {
      "DeletionPolicy": "Retain",
      "DependsOn": [
        "restapi955FE7EE",
      ],
      "Properties": {
        "CloudWatchRoleArn": {
          "Fn::GetAtt": [
            "restapiCloudWatchRoleCE742A10",
            "Arn",
          ],
        },
      },
      "Type": "AWS::ApiGateway::Account",
      "UpdateReplacePolicy": "Retain",
    },
    "restapiCloudWatchRoleCE742A10": {
      "DeletionPolicy": "Retain",
      "Properties": {
        "AssumeRolePolicyDocument": {
          "Statement": [
            {
              "Action": "sts:AssumeRole",
              "Effect": "Allow",
              "Principal": {
                "Service": "apigateway.amazonaws.com",
              },
            },
          ],
          "Version": "2012-10-17",
        },
        "ManagedPolicyArns": [
          {
            "Fn::Join": [
              "",
              [
                "arn:",
                {
                  "Ref": "AWS::Partition",
                },
                ":iam::aws:policy/service-role/AmazonAPIGatewayPushToCloudWatchLogs",
              ],
            ],
          },
        ],
      },
      "Type": "AWS::IAM::Role",
      "UpdateReplacePolicy": "Retain",
    },
    "restapiDeploymentC2F9DE708b927929c48caf8409ca73e0076086ae": {
      "DependsOn": [
        "restapinotesGETAFC57B48",
        "restapinotesPOSTB8CD2FDB",
        "restapinotes65DC8F7A",
      ],
      "Properties": {
        "Description": "Automatically created by the RestApi construct",
        "RestApiId": {
          "Ref": "restapi955FE7EE",
        },
      },
      "Type": "AWS::ApiGateway::Deployment",
    },
    "restapiDeploymentStageprodD0BC9A49": {
      "DependsOn": [
        "restapiAccount60CB3373",
      ],
      "Properties": {
        "DeploymentId": {
          "Ref": "restapiDeploymentC2F9DE708b927929c48caf8409ca73e0076086ae",
        },
        "RestApiId": {
          "Ref": "restapi955FE7EE",
        },
        "StageName": "prod",
      },
      "Type": "AWS::ApiGateway::Stage",
    },
    "restapilistnotesA6C96244": {
      "DependsOn": [
        "restapilistnotesServiceRoleDefaultPolicyC3168DB9",
        "restapilistnotesServiceRoleF0B5FBE8",
      ],
      "Properties": {
        "Code": {
          "S3Bucket": {
            "Fn::Sub": "cdk-hnb659fds-assets-\${AWS::AccountId}-\${AWS::Region}",
          },
          "S3Key": "664e57585a42edd1782d0bf282f986fa3a3db899da85963e05f9d8baa59a956a.zip",
        },
        "Environment": {
          "Variables": {
            "AWS_NODEJS_CONNECTION_REUSE_ENABLED": "1",
            "TABLE_NAME": {
              "Ref": "restapinotestable817BCE94",
            },
          },
        },
        "Handler": "index.handler",
        "Role": {
          "Fn::GetAtt": [
            "restapilistnotesServiceRoleF0B5FBE8",
            "Arn",
          ],
        },
        "Runtime": "nodejs14.x",
      },
      "Type": "AWS::Lambda::Function",
    },
    "restapilistnotesServiceRoleDefaultPolicyC3168DB9": {
      "Properties": {
        "PolicyDocument": {
          "Statement": [
            {
              "Action": "dynamodb:Scan",
              "Effect": "Allow",
              "Resource": [
                {
                  "Fn::GetAtt": [
                    "restapinotestable817BCE94",
                    "Arn",
                  ],
                },
                {
                  "Ref": "AWS::NoValue",
                },
              ],
            },
          ],
          "Version": "2012-10-17",
        },
        "PolicyName": "restapilistnotesServiceRoleDefaultPolicyC3168DB9",
        "Roles": [
          {
            "Ref": "restapilistnotesServiceRoleF0B5FBE8",
          },
        ],
      },
      "Type": "AWS::IAM::Policy",
    },
    "restapilistnotesServiceRoleF0B5FBE8": {
      "Properties": {
        "AssumeRolePolicyDocument": {
          "Statement": [
            {
              "Action": "sts:AssumeRole",
              "Effect": "Allow",
              "Principal": {
                "Service": "lambda.amazonaws.com",
              },
            },
          ],
          "Version": "2012-10-17",
        },
        "ManagedPolicyArns": [
          {
            "Fn::Join": [
              "",
              [
                "arn:",
                {
                  "Ref": "AWS::Partition",
                },
                ":iam::aws:policy/service-role/AWSLambdaBasicExecutionRole",
              ],
            ],
          },
        ],
      },
      "Type": "AWS::IAM::Role",
    },
    "restapinotes65DC8F7A": {
      "Properties": {
        "ParentId": {
          "Fn::GetAtt": [
            "restapi955FE7EE",
            "RootResourceId",
          ],
        },
        "PathPart": "notes",
        "RestApiId": {
          "Ref": "restapi955FE7EE",
        },
      },
      "Type": "AWS::ApiGateway::Resource",
    },
    "restapinotesGETAFC57B48": {
      "Properties": {
        "AuthorizationType": "NONE",
        "HttpMethod": "GET",
        "Integration": {
          "IntegrationHttpMethod": "POST",
          "Type": "AWS_PROXY",
          "Uri": {
            "Fn::Join": [
              "",
              [
                "arn:",
                {
                  "Ref": "AWS::Partition",
                },
                ":apigateway:",
                {
                  "Ref": "AWS::Region",
                },
                ":lambda:path/2015-03-31/functions/",
                {
                  "Fn::GetAtt": [
                    "restapilistnotesA6C96244",
                    "Arn",
                  ],
                },
                "/invocations",
              ],
            ],
          },
        },
        "ResourceId": {
          "Ref": "restapinotes65DC8F7A",
        },
        "RestApiId": {
          "Ref": "restapi955FE7EE",
        },
      },
      "Type": "AWS::ApiGateway::Method",
    },
    "restapinotesGETApiPermissionTesttestrestapi6761200BGETnotes4B01F47C": {
      "Properties": {
        "Action": "lambda:InvokeFunction",
        "FunctionName": {
          "Fn::GetAtt": [
            "restapilistnotesA6C96244",
            "Arn",
          ],
        },
        "Principal": "apigateway.amazonaws.com",
        "SourceArn": {
          "Fn::Join": [
            "",
            [
              "arn:",
              {
                "Ref": "AWS::Partition",
              },
              ":execute-api:",
              {
                "Ref": "AWS::Region",
              },
              ":",
              {
                "Ref": "AWS::AccountId",
              },
              ":",
              {
                "Ref": "restapi955FE7EE",
              },
              "/test-invoke-stage/GET/notes",
            ],
          ],
        },
      },
      "Type": "AWS::Lambda::Permission",
    },
    "restapinotesGETApiPermissiontestrestapi6761200BGETnotesA2BCA8E4": {
      "Properties": {
        "Action": "lambda:InvokeFunction",
        "FunctionName": {
          "Fn::GetAtt": [
            "restapilistnotesA6C96244",
            "Arn",
          ],
        },
        "Principal": "apigateway.amazonaws.com",
        "SourceArn": {
          "Fn::Join": [
            "",
            [
              "arn:",
              {
                "Ref": "AWS::Partition",
              },
              ":execute-api:",
              {
                "Ref": "AWS::Region",
              },
              ":",
              {
                "Ref": "AWS::AccountId",
              },
              ":",
              {
                "Ref": "restapi955FE7EE",
              },
              "/",
              {
                "Ref": "restapiDeploymentStageprodD0BC9A49",
              },
              "/GET/notes",
            ],
          ],
        },
      },
      "Type": "AWS::Lambda::Permission",
    },
    "restapinotesPOSTApiPermissionTesttestrestapi6761200BPOSTnotes388F178A": {
      "Properties": {
        "Action": "lambda:InvokeFunction",
        "FunctionName": {
          "Fn::GetAtt": [
            "restapiputnoteA36C2303",
            "Arn",
          ],
        },
        "Principal": "apigateway.amazonaws.com",
        "SourceArn": {
          "Fn::Join": [
            "",
            [
              "arn:",
              {
                "Ref": "AWS::Partition",
              },
              ":execute-api:",
              {
                "Ref": "AWS::Region",
              },
              ":",
              {
                "Ref": "AWS::AccountId",
              },
              ":",
              {
                "Ref": "restapi955FE7EE",
              },
              "/test-invoke-stage/POST/notes",
            ],
          ],
        },
      },
      "Type": "AWS::Lambda::Permission",
    },
    "restapinotesPOSTApiPermissiontestrestapi6761200BPOSTnotesC38CB23A": {
      "Properties": {
        "Action": "lambda:InvokeFunction",
        "FunctionName": {
          "Fn::GetAtt": [
            "restapiputnoteA36C2303",
            "Arn",
          ],
        },
        "Principal": "apigateway.amazonaws.com",
        "SourceArn": {
          "Fn::Join": [
            "",
            [
              "arn:",
              {
                "Ref": "AWS::Partition",
              },
              ":execute-api:",
              {
                "Ref": "AWS::Region",
              },
              ":",
              {
                "Ref": "AWS::AccountId",
              },
              ":",
              {
                "Ref": "restapi955FE7EE",
              },
              "/",
              {
                "Ref": "restapiDeploymentStageprodD0BC9A49",
              },
              "/POST/notes",
            ],
          ],
        },
      },
      "Type": "AWS::Lambda::Permission",
    },
    "restapinotesPOSTB8CD2FDB": {
      "Properties": {
        "AuthorizationType": "NONE",
        "HttpMethod": "POST",
        "Integration": {
          "IntegrationHttpMethod": "POST",
          "Type": "AWS_PROXY",
          "Uri": {
            "Fn::Join": [
              "",
              [
                "arn:",
                {
                  "Ref": "AWS::Partition",
                },
                ":apigateway:",
                {
                  "Ref": "AWS::Region",
                },
                ":lambda:path/2015-03-31/functions/",
                {
                  "Fn::GetAtt": [
                    "restapiputnoteA36C2303",
                    "Arn",
                  ],
                },
                "/invocations",
              ],
            ],
          },
        },
        "ResourceId": {
          "Ref": "restapinotes65DC8F7A",
        },
        "RestApiId": {
          "Ref": "restapi955FE7EE",
        },
      },
      "Type": "AWS::ApiGateway::Method",
    },
    "restapinotestable817BCE94": {
      "DeletionPolicy": "Retain",
      "Properties": {
        "AttributeDefinitions": [
          {
            "AttributeName": "id",
            "AttributeType": "S",
          },
        ],
        "KeySchema": [
          {
            "AttributeName": "id",
            "KeyType": "HASH",
          },
        ],
        "ProvisionedThroughput": {
          "ReadCapacityUnits": 5,
          "WriteCapacityUnits": 5,
        },
        "StreamSpecification": {
          "StreamViewType": "NEW_IMAGE",
        },
      },
      "Type": "AWS::DynamoDB::Table",
      "UpdateReplacePolicy": "Retain",
    },
    "restapiputnoteA36C2303": {
      "DependsOn": [
        "restapiputnoteServiceRoleDefaultPolicy78C040A5",
        "restapiputnoteServiceRole19ED2A10",
      ],
      "Properties": {
        "Code": {
          "S3Bucket": {
            "Fn::Sub": "cdk-hnb659fds-assets-\${AWS::AccountId}-\${AWS::Region}",
          },
          "S3Key": "cd3cd0670b5ee3e125e49698852d33be27ecc111fdc947c106c9245269724d73.zip",
        },
        "Environment": {
          "Variables": {
            "AWS_NODEJS_CONNECTION_REUSE_ENABLED": "1",
            "TABLE_NAME": {
              "Ref": "restapinotestable817BCE94",
            },
          },
        },
        "Handler": "index.handler",
        "Role": {
          "Fn::GetAtt": [
            "restapiputnoteServiceRole19ED2A10",
            "Arn",
          ],
        },
        "Runtime": "nodejs14.x",
      },
      "Type": "AWS::Lambda::Function",
    },
    "restapiputnoteServiceRole19ED2A10": {
      "Properties": {
        "AssumeRolePolicyDocument": {
          "Statement": [
            {
              "Action": "sts:AssumeRole",
              "Effect": "Allow",
              "Principal": {
                "Service": "lambda.amazonaws.com",
              },
            },
          ],
          "Version": "2012-10-17",
        },
        "ManagedPolicyArns": [
          {
            "Fn::Join": [
              "",
              [
                "arn:",
                {
                  "Ref": "AWS::Partition",
                },
                ":iam::aws:policy/service-role/AWSLambdaBasicExecutionRole",
              ],
            ],
          },
        ],
      },
      "Type": "AWS::IAM::Role",
    },
    "restapiputnoteServiceRoleDefaultPolicy78C040A5": {
      "Properties": {
        "PolicyDocument": {
          "Statement": [
            {
              "Action": "dynamodb:PutItem",
              "Effect": "Allow",
              "Resource": [
                {
                  "Fn::GetAtt": [
                    "restapinotestable817BCE94",
                    "Arn",
                  ],
                },
                {
                  "Ref": "AWS::NoValue",
                },
              ],
            },
          ],
          "Version": "2012-10-17",
        },
        "PolicyName": "restapiputnoteServiceRoleDefaultPolicy78C040A5",
        "Roles": [
          {
            "Ref": "restapiputnoteServiceRole19ED2A10",
          },
        ],
      },
      "Type": "AWS::IAM::Policy",
    },
  },
  "Rules": {
    "CheckBootstrapVersion": {
      "Assertions": [
        {
          "Assert": {
            "Fn::Not": [
              {
                "Fn::Contains": [
                  [
                    "1",
                    "2",
                    "3",
                    "4",
                    "5",
                  ],
                  {
                    "Ref": "BootstrapVersion",
                  },
                ],
              },
            ],
          },
          "AssertDescription": "CDK bootstrap stack version 6 required. Please run 'cdk bootstrap' with a recent version of the CDK CLI.",
        },
      ],
    },
  },
}
`;
